[?7h[40m[2J[0;1;31mллллллллЛ ллллллЛ   лллллЛ  ллЛ   ллЛ лллллллЛ ллЛ[6CллЛ лллЛ   ллЛ  ллллллЛ[2;1HШЭЭллЩЭЭМ ллЩЭЭллЛ ллЩЭЭллЛ ллК   ллК ллЩЭЭЭЭМ ллК[6CллК ллллЛ  ллК ллЩЭЭЭЭМ[3;1H   ллК  [s
[u  ллллллЩМ лллллллК ллК   ллК лллллЛ   ллК[6CллК ллЩллЛ ллК ллК  лллЛ[4;1H   ллК    ллЩЭЭллЛ ллЩЭЭллК ШллЛ ллЩМ ллЩЭЭМ   ллК[6CллК ллКШллЛллК ллК   ллК[5;1H   ллК    ллК  ллК ллК  ллК  Шлллл[s
[uЩМ  лллллллЛ лллллллЛ ллК ллК ШллллК ШллллллЩМ[6;1H   ШЭМ    ШЭМ  ШЭМ ШЭМ  ШЭМ   ШЭЭЭМ   ШЭЭЭЭЭЭМ ШЭЭЭЭЭЭМ ШЭМ ШЭМ  ШЭЭЭМ  ШЭЭЭЭЭМ[7;1H[8;1H[35mллллллллЛ ллллллЛ   лллллЛ  ллЛ   ллЛ лллллллЛ[s
[u ллЛ[6CллЛ лллЛ   ллЛ  ллллллЛ[9;1HШЭЭллЩЭЭМ ллЩЭЭллЛ ллЩЭЭллЛ ллК   ллК ллЩЭЭЭЭМ ллК[6CллК ллллЛ  ллК ллЩЭЭЭЭМ[10;1H   ллК    ллллллЩМ лллллллК ллК   ллК лллллЛ   ллК[6CллК ллЩллЛ ллК ллК [s
[u лллЛ[11;1H   ллК    ллЩЭЭллЛ ллЩЭЭллК ШллЛ ллЩМ ллЩЭЭМ   ллК[6CллК ллКШллЛллК ллК   ллК[12;1H   ллК    ллК  ллК ллК  ллК  ШллллЩМ  лллллллЛ лллллллЛ ллК ллК ШллллК ШллллллЩМ[13;1H   ШЭМ    [s
[uШЭМ  ШЭМ ШЭМ  ШЭМ   ШЭЭЭМ   ШЭЭЭЭЭЭМ ШЭЭЭЭЭЭМ ШЭМ ШЭМ  ШЭЭЭМ  ШЭЭЭЭЭМ[14;1H[15;1H[16;1H[32mллллллллЛ ллллллЛ   лллллЛ  ллЛ   ллЛ лллллллЛ ллЛ[6CллЛ лллЛ   ллЛ  ллллллЛ[17;1HШЭЭллЩЭЭМ ллЩЭЭ[s
[uллЛ ллЩЭЭллЛ ллК   ллК ллЩЭЭЭЭМ ллК[6CллК ллллЛ  ллК ллЩЭЭЭЭМ[18;1H   ллК    ллллллЩМ лллллллК ллК   ллК лллллЛ   ллК[6CллК ллЩллЛ ллК ллК  лллЛ[19;1H   ллК    ллЩЭЭллЛ ллЩЭЭллК ШллЛ ллЩМ лл[s
[uЩЭЭМ   ллК[6CллК ллКШллЛллК ллК   ллК[20;1H   ллК    ллК  ллК ллК  ллК  ШллллЩМ  лллллллЛ лллллллЛ ллК ллК ШллллК ШллллллЩМ[21;1H   ШЭМ    ШЭМ  ШЭМ ШЭМ  ШЭМ   ШЭЭЭМ   ШЭЭЭЭЭЭМ ШЭЭЭЭЭЭМ ШЭМ ШЭ[s
[uМ  ШЭЭЭМ  ШЭЭЭЭЭМ[0m
