[0;32;40mÄÄÄÄÄÄÄÄÄÄÄÄÄÄÄÄÄÄÄÄÄÄÄÄÄÄÄÄÄÄÄÄÄÄÄÄ
[0;37;40m-*Usurper*-[0;1;32;40m Happenings of 11-21-2024[0;32;40m
ÄÄÄÄÄÄÄÄÄÄÄÄÄÄÄÄÄÄÄÄÄÄÄÄÄÄÄÄÄÄÄÄÄÄÄÄ
 
Usurper. Happenings of 11-21-2024
---------------------------------
 
***************************
**** Usurper was reset ****
***************************
 
