[?7h[255D[0;31m‹€€‹ ‹‹€‹‹‹≤≤≤±±±∞∞∞ €ﬂﬂ € € ﬂ€ﬂ €ﬂﬂ €€ € €ﬂﬂ‹ €ﬂﬂ €ﬂﬂ‹ ∞∞∞±±±≤≤≤‹‹€€€ﬂ€ﬂ‹€€€ﬂ‹‹€ﬂ€€€‹ﬂ˛€€≤≤≤±±±∞∞∞∞ €ﬂ ±±€  ±€ ±€ﬂ ±€ €€ € ±€ €ﬂ ±€ ±€ ∞∞∞∞±±±≤≤≤€€€˛ﬂ‹€€€ﬂ ﬂ€€€  ﬂﬂ    ﬂﬂ≤≤≤±±±∞∞∞ €‹‹ € € ±€ ±€‹‹ €  € €‹‹ﬂ €‹‹ €‹‹ﬂ ∞∞∞±±±≤≤≤ﬂﬂ[5Cﬂﬂ[5C€€[78C€€[43CSpells[29C€€[78C€€    [1mHitpoints:    :[24CSpell One  :[23C[0;31m≤€    [1mMana[10C:[24CSpell Two  :[23C[0;31m≤≤    [1mStrength[6C:[24CSpell Three:[23C[0;31m±≤    [1mDefense[7C:[24CSpell Four :[23C[0;31m±±    [1mIntelligence  :[59C[0;31m±∞    [1mWisdom[8C:[59C[0;31m∞∞    [1mAgility[7C:[59C[0;31m∞[5C[1mEvil Deeds    :
[0;31m∞    [1mMonster Fights:[24C[0;31mOther Stats Menus[18C∞±    [1mPlayer Fights :[24C[0;31m[[1mMain [37mS[31mtats[0;31m][23C∞±    [1mKind/Evilness :[24C[0;31m[[1;37mM[31manor[0;31m][28C±≤    [1mTotal Exp[5C:[24C[0;31m[[1;37mE[31mquipment[0;31m][24C±€    [1mHigh Exp[6C:[59C[0;31m≤€›[77C≤€€‹[24C[1mPress [37mEnter [31mto Continue[28C[0;31m‹€ﬂ€€€‹‹‹‹  ‹ ‹‹‹‹‹‹‹‹‹‹‹ ‹ ‹‹‹‹    ‹‹‹‹‹‹‹ ‹‹‹‹‹‹‹‹‹‹‹ ‹‹‹‹ ‹ ‹‹‹‹‹‹‹‹‹‹‹ ‹ ‹‹€€ﬂ[0m[255D