[?7h[255D[0;1;30m€ﬂﬂﬂﬂﬂﬂﬂﬂﬂﬂﬂﬂﬂﬂﬂﬂﬂﬂﬂﬂﬂﬂﬂﬂﬂﬂﬂﬂﬂﬂﬂﬂﬂﬂﬂﬂﬂﬂ€ﬂﬂﬂﬂﬂﬂﬂﬂﬂﬂﬂﬂﬂﬂﬂﬂﬂﬂﬂﬂﬂﬂﬂﬂﬂﬂﬂﬂﬂﬂﬂﬂﬂﬂﬂﬂﬂﬂﬂ€›[38C€ ≤±≤ﬂﬂ∞±≤€€€€≤≤±∞ ‹€[47m≤[40m€‹∞±≤€€€≤∞‹ ‹€≤±∞ €›[38C€ €± €€ ∞±≤€€€≤∞‹€€[47m≤≤[40m€ ﬂ€€ ≤€≤∞‹[47m≤≤[40m≤±∞ € €›[38C€ ≤ ‹[47m≤[40m€€‹∞±≤€±∞€€[47m≤≤[40m€ﬂ    ∞€‹∞ €[47m≤[40m€ﬂ€≤ €€ €›[[37mF[30m][0might Monsters[22C[1;30m€  €[47m≤[40mﬂ ∞€€€‹ €€€[47m≤≤[40m€€    ∞€ﬂﬂ€‹‹ﬂ ∞ ‹€[47m≤€[1C[40m€›[[37mB[30m][0muy Healing Potions[17C[1;30m€ €[47m≤[40m€   ∞€€€€‹‹ ﬂﬂﬂﬂﬂ‹‹‹ﬂﬂ‹[47m≤[40m‹‹ ﬂﬂ‹€€[47m≤€[40m€ €˛[[37mH[30m][0meal[32C[1;30m€ ‹‹ﬂﬂ‹‹‹‹ﬂﬂﬂﬂ‹‹‹‹[43m≤[40m≤[43m≤[40m±ﬂ‹€[47m≤≤[40m€€≤±∞€€€[47m≤≤[40m€€ € [[37mY[30m][0mour Stats[26C[1;30m€ [43m± ∞∞∞≤≤≤≤±±±≤≤≤€≤[40mﬂﬂ €[47m≤≤[40m€€≤≤±∞ﬁ€[47m≤≤[40m€€€€ € [[37mR[30m][0meturn to town[22C[1;30m€ [43m ±∞∞±±±±≤≤≤€€€[1C[40m‹‹€[47m€≤≤[40m€€≤±∞ ‹€[47m€≤≤[40m€€[47m≤[40m€€ € [0;31mYour choice:[26C[1;30m€‹‹‹‹‹‹‹‹‹‹‹‹‹‹‹‹‹‹‹‹‹‹‹‹‹‹‹‹‹‹‹‹‹‹‹‹‹‹‹€[0m[255D
