[?7h[255D[0;31m‹€€‹ ‹‹€‹‹‹€≤≤≤≤≤±±±±∞∞∞∞ €€ €€ €ﬂﬂ€ €€ € €ﬂﬂ€ €ﬂﬂ€ ∞∞∞∞±±±±≤≤≤≤€‹‹€€€ﬂ€ﬂ‹€€€ﬂ‹‹€ﬂ€€€‹ﬂ˛€€€≤≤≤≤≤±±±±∞∞∞∞∞ € €±€ €ﬂﬂ€ € €€ € ±€ €ﬂﬂ‹ ∞∞∞∞∞±±±±≤≤≤≤€€€€˛ﬂ‹€€€ﬂ ﬂ€€€  ﬂﬂ    ﬂﬂ€≤≤≤≤≤±±±±∞∞∞∞ €  ±€ € ±€ € ±€ €‹‹€ € ±€ ∞∞∞∞±±±±≤≤≤≤€ﬂﬂ[5Cﬂﬂ[5C€€[78C€€[78C€€[78C€€[78C≤€    [1mLand Size   :[11CKnights :[15CFarms[5C:[15C[0;31m≤≤    [1mPopulation  :[11CCannons :[15CSilos[5C:[15C[0;31m±≤    [1mEmployed Pop:[11CSoldiers:[15CCircus's  :[15C[0;31m±±    [1mSerf Support:[11CTraining:[15CIron Mines:[15C[0;31m±∞    [1mSerf Tax    :[11CMorale  :[15CGold Mines:[15C[0;31m∞∞    [1mWar Turns   :[11CForts   :[41C[0;31m∞
∞[45COther Stats Menus[16C∞±[45C[[1;37mM[31main Stats[0;31m][21C∞±  [1mYour Ruler is[30C[0;31m[[1mE[37mX[31mtended[0;31m][23C±≤  [1mYou are paying[29C[0;31m[[1;37mE[31mquipment[0;31m][22C±€[78C≤€›[77C≤€€‹[22C[1mPress [37mEnter [31mto Continue[30C[0;31m‹€ﬂ€€€€‹‹‹  ‹ ‹‹‹‹‹‹‹‹‹‹‹ ‹ ‹‹‹‹    ‹‹‹‹‹‹‹ ‹‹‹‹‹‹‹‹‹‹‹ ‹‹‹‹ ‹ ‹‹‹‹‹‹‹‹‹‹‹ ‹ ‹‹€€ﬂ[0m[255D