[40m[2J[0;1;30mллл лллллллл ллллллллл [0;31mлм мл мм мм мм ммм мммм мм мм [1;30mлллллл лллллллл лллллллл ллмммммммм мммммммм мммм [0;31mл п л лм лм лм лмл л мм лм лм [1;30mмм мммммммм мммммммм ммммммлллллллл лллллллл лллл [0;31mл   л лм мл мл л л лммл лм мл [1;30mлл лллллллл лллллллл лллллл
















лллллллл лллллллл ллллллллл лллллллл лллллллл ллллллллл лллллллл лллллллл ллллллпппппппп пппппппп ппппппппп пппппппп пппппппп ппппппппп пппппппп пппппппп пппппплллл лллллллл лллллллл ллллллллл лллллллл лллллллл ллллллллл лллллллл лллллллл л[0m
