[?7h[255D[0;1;30m€ﬂﬂﬂﬂﬂﬂﬂﬂﬂﬂﬂﬂﬂﬂﬂﬂﬂﬂﬂﬂﬂﬂﬂﬂﬂﬂﬂﬂﬂﬂﬂﬂﬂﬂﬂﬂﬂﬂ€›[0;32m€€€€€€[1;42m≤≤≤≤≤[0;32m€€‹[1;42m≤[2C[0;32m‹‹‹ﬂﬂﬂﬂﬂﬂﬂﬂﬂ[7Cﬂ€€[1;30m›[39C›[32;42m∞[0;32mﬂ€ €[1;42m≤±[0;32m€‹€[1;42m≤±∞[0;32m€€€€ﬂﬂ[18C€€[1;30m›[39C›[0;32m‹[1;42m≤[1C≤[0;32mﬂﬂﬂ‹€[1;42m€≤[0;32m€ﬂﬂ[9C[31m‹  €[6C[32m€   €€[1;30m›[39C› [32;42m≤[2C[0;32m‹‹€[1;42m≤€[0;32m€ﬂ    [31m€[7C[1m‹[41m≤[0;31m€€ﬂ   [32m€€€   €€[1;30m›[[37mF[30m][0might Monsters[23C[1;30m› [0;32m‹‹ ‹[1;42m≤≤[0;32m€[7C[31mﬂ€[1;41mﬂ[2C[0;31m€[1;41m∞±[0;31m€€ﬂ   [32m€€€  ‹€€€€[1;30m›[[37mB[30m][0muy Healing Potions[18C[1;30m› [0;32mﬂ ﬂ[1;42m≤[0;32m€‹‹ﬂﬂ€ﬂ‹‹‹‹‹‹‹‹‹‹‹‹‹‹ﬂﬂﬂﬂ   €€[1;42m∞∞[0;32m€€[1;30m˛[[37mH[30m][0meal[33C[1;30m›[0;32m‹[1;42m∞±±[0;32m€ﬂﬂ€‹‹ ﬂ  ﬂ€   €    €‹‹‹€‹€€€[1;42m±±∞[0;32m€ € [1;30m[[37mY[30m][0mour Stats[27C[1;30m›[0;32m€€€€€€€€€€ﬂﬂ‹‹ ﬂ€€‹‹€€‹ﬂﬂﬂﬂ€[1;42m±≤≤[0;32m€‹€€€€€
 [1;30m[[37mR[30m][0meturn to town[23C[1;30m˛‹‹ ‹‹‹‹‹‹‹‹‹‹‹‹‹‹‹‹‹‹ ‹‹ ‹‹‹‹‹‹‹‹‹‹  ‹‹ [0;31mYour choice:[28C[1;30mﬂ€‹€€ ‹‹‹ €‹ ‹‹‹‹‹€€€‹€ ‹‹‹‹‹€€ €€€€ €€[0m[255D