[?7h[255D[0;31m‹€€‹ ‹‹€‹‹‹≤≤≤≤≤±±±±±∞∞∞∞∞∞∞ €ﬂﬂ ﬂ€ﬂ €ﬂﬂ€ ﬂ€ﬂ €ﬂﬂ ∞∞∞∞∞±±±±±≤≤≤≤≤‹‹€€€ﬂ€ﬂ‹€€€ﬂ‹‹€ﬂ€€€‹ﬂ˛€€≤≤≤≤≤±±±±±∞∞∞∞∞∞∞∞ ﬂﬂ€ ±€ ±€ﬂﬂ€ ±€ ±ﬂﬂ€ ∞∞∞∞∞∞±±±±±≤≤≤≤≤€€€˛ﬂ‹€€€ﬂ ﬂ€€€  ﬂﬂ    ﬂﬂ≤≤≤≤≤±±±±±∞∞∞∞∞∞∞ ‹‹€ ±€ ±€ ±€ ±€ ±‹‹€ ∞∞∞∞∞±±±±±≤≤≤≤≤ﬂﬂ[5Cﬂﬂ[5C€€[78C€€[78C€€[45CNumeric Stats[20C€€[5C[1mBelongs to the[26CHitpoints  [0;33m: [1;37m[[19C[0;31m≤€[5C[1mIs now a level[26CMagicpoints[0;31m: [1;37m[[19C[0;31m≤≤[5C[1mHas the title of[24CTotal Experience[0;31m: [1;37m[[14C[0;31m±≤[5C[1mHas killed[30CHigh Experience [0;33m: [1;37m[[14C[0;31m±±[5C[1mHas killed[30CHealing Potions [0;33m: [1;37m[[14C[0;31m±∞[5C[1mIs[38CMonster Fights  [0;33m: [1;37m[[14C[0;31m∞∞[5C[1mIs[38CPlayer Fights   [0;33m: [1;37m[[14C[0;31m∞[6C[1mIs[38CEvil Deeds[6C[0;33m: [1;37m[
[0;31m∞[5C[1mIs[71C[0;31m∞±[5C[1mGold on Hand [0;31m:[26COther Stats Menus[16C∞±[5C[1mGold in Bank [0;31m:[26C[[1mE[37mX[31mtended[0;31m][23C±≤[5C[1mRight Hand   [0;31m:[26C[[1;37mM[31manor[0;31m][26C±€[5C[1mLeft Hand    [0;31m:[26C[[1;37mE[31mquipment[0;31m][22C≤€›    [1mArmour Class [0;31m:[26C[[1;37mH[31meal[0;31m][27C≤€€‹[22C[1mPress [37mEnter [31mto Continue[30C[0;31m‹€ﬂ€€€€‹‹‹  ‹ ‹‹‹‹‹‹‹‹‹‹‹ ‹ ‹‹‹‹    ‹‹‹‹‹‹‹ ‹‹‹‹‹‹‹‹‹‹‹ ‹‹‹‹ ‹ ‹‹‹‹‹‹‹‹‹‹‹ ‹ ‹‹€€ﬂ[0m[255D