[1;34mT Name                  Worth            Level  Quest  Attr   Comp
Д ДДДДДДДДДДДДДДДДДДДД  ДДДДДДДДДДДДДДД  ДДДДД  ДДДДД  ДДДДД  ДДДДД
[1;37m  JOE                             4,950      1      0     88   3000
  J0HNNY A1PHA                    4,950      1      0     88   3000
  SLPAH                           4,950      1      0     88   3000

[1;34m# Team Name                       Score
Д ДДДДДДДДДДДДДДДДДДДДДДДДДДДДДД  ДДДДД
[0;37m