[36mÄÄ[1;36mÄ[0;40;37mCivil War breaks out in [1;33mKnight[0;40;37m!  Violence continues!

[36mÄÄ[1;36mÄ[0;40;37mThe revolts in [1;33mMoonbase Alpha[0;40;37m have had a tragic ending: Civil War!

[36mÄÄ[1;36mÄ[0;40;37m[1;31mThe Queen Royale[0;40;37m is lowering taxes to decrease wealth redistribution.

